<?xml version="1.0" encoding="UTF-8"?>
<testsuites name="jest tests" tests="12" failures="0" errors="0" time="0.178">
  <testsuite name="Email Validation" errors="0" failures="0" skipped="0" timestamp="2025-11-11T05:35:19" time="0.155" tests="12">
    <testcase classname="Email Validation valid email with common domain should return true" name="Email Validation valid email with common domain should return true" time="0.001">
    </testcase>
    <testcase classname="Email Validation valid email with subdomain should return true" name="Email Validation valid email with subdomain should return true" time="0">
    </testcase>
    <testcase classname="Email Validation email missing @ symbol should return false" name="Email Validation email missing @ symbol should return false" time="0">
    </testcase>
    <testcase classname="Email Validation email with spaces should return false" name="Email Validation email with spaces should return false" time="0">
    </testcase>
    <testcase classname="Password Validation strong password with uppercase, number and 8+ chars should return true" name="Password Validation strong password with uppercase, number and 8+ chars should return true" time="0">
    </testcase>
    <testcase classname="Password Validation password with special chars, uppercase and number should return true" name="Password Validation password with special chars, uppercase and number should return true" time="0">
    </testcase>
    <testcase classname="Password Validation password without uppercase should return false" name="Password Validation password without uppercase should return false" time="0">
    </testcase>
    <testcase classname="Password Validation password shorter than 8 chars should return false" name="Password Validation password shorter than 8 chars should return false" time="0">
    </testcase>
    <testcase classname="Credentials Validation valid email and password should return valid result" name="Credentials Validation valid email and password should return valid result" time="0">
    </testcase>
    <testcase classname="Credentials Validation invalid email should return appropriate error details" name="Credentials Validation invalid email should return appropriate error details" time="0">
    </testcase>
    <testcase classname="Edge Cases and Input Validation non-string email should return false" name="Edge Cases and Input Validation non-string email should return false" time="0">
    </testcase>
    <testcase classname="Edge Cases and Input Validation non-string password should return false" name="Edge Cases and Input Validation non-string password should return false" time="0.002">
    </testcase>
  </testsuite>
</testsuites>